// Jest Snapshot v1, https://goo.gl/fbAQLP

exports[`Gallery it should be defined 1`] = `
<Gallery
  images={
    Array [
      Object {
        "imageUrl": "https://picsum.photos/500",
      },
      Object {
        "imageUrl": "https://picsum.photos/500",
      },
      Object {
        "imageUrl": "https://picsum.photos/500",
      },
    ]
  }
>
  <styled.div>
    <StyledComponent
      forwardedComponent={
        Object {
          "$$typeof": Symbol(react.forward_ref),
          "attrs": Array [],
          "componentStyle": ComponentStyle {
            "componentId": "sc-bxivhb",
            "isStatic": true,
            "lastClassName": "duxzEs",
            "rules": Array [
              "
  padding: 30px;
",
            ],
          },
          "displayName": "styled.div",
          "foldedComponentIds": Array [],
          "render": [Function],
          "styledComponentId": "sc-bxivhb",
          "target": "div",
          "toString": [Function],
          "warnTooManyClasses": [Function],
          "withComponent": [Function],
        }
      }
      forwardedRef={null}
    >
      <div
        className="sc-bxivhb duxzEs"
      >
        <Search>
          <styled.form
            onSubmit={[Function]}
          >
            <StyledComponent
              forwardedComponent={
                Object {
                  "$$typeof": Symbol(react.forward_ref),
                  "attrs": Array [],
                  "componentStyle": ComponentStyle {
                    "componentId": "sc-htpNat",
                    "isStatic": true,
                    "lastClassName": "grGzGL",
                    "rules": Array [
                      "
  margin: 0;
  padding: 0;
",
                    ],
                  },
                  "displayName": "styled.form",
                  "foldedComponentIds": Array [],
                  "render": [Function],
                  "styledComponentId": "sc-htpNat",
                  "target": "form",
                  "toString": [Function],
                  "warnTooManyClasses": [Function],
                  "withComponent": [Function],
                }
              }
              forwardedRef={null}
              onSubmit={[Function]}
            >
              <form
                className="sc-htpNat grGzGL"
                onSubmit={[Function]}
              >
                <styled.input
                  placeholder="Search images..."
                >
                  <StyledComponent
                    forwardedComponent={
                      Object {
                        "$$typeof": Symbol(react.forward_ref),
                        "attrs": Array [],
                        "componentStyle": ComponentStyle {
                          "componentId": "sc-bwzfXH",
                          "isStatic": true,
                          "lastClassName": "elmhJS",
                          "rules": Array [
                            "
  width: 600px;
  height: 50px;
  background-color: white;
  outline: none;
  border: 1px solid rgba(0, 0, 0, .2);
  padding: 10px 15px;
  font-size: 1.4rem;
  color: #023044;
  font-weight: 400;
  ",
                            "
    @media (max-width: ",
                            "768px",
                            ") {
      ",
                            "
    /* screen width is less than 768px (medium) */
    width: 95%;
    height: 30px;
    margin: 0 auto;
  ",
                            "
    }
  ",
                            "
",
                          ],
                        },
                        "displayName": "styled.input",
                        "foldedComponentIds": Array [],
                        "render": [Function],
                        "styledComponentId": "sc-bwzfXH",
                        "target": "input",
                        "toString": [Function],
                        "warnTooManyClasses": [Function],
                        "withComponent": [Function],
                      }
                    }
                    forwardedRef={
                      Object {
                        "current": <input
                          class="sc-bwzfXH elmhJS"
                          placeholder="Search images..."
                        />,
                      }
                    }
                    placeholder="Search images..."
                  >
                    <input
                      className="sc-bwzfXH elmhJS"
                      placeholder="Search images..."
                    />
                  </StyledComponent>
                </styled.input>
              </form>
            </StyledComponent>
          </styled.form>
        </Search>
        <styled.div>
          <StyledComponent
            forwardedComponent={
              Object {
                "$$typeof": Symbol(react.forward_ref),
                "attrs": Array [],
                "componentStyle": ComponentStyle {
                  "componentId": "sc-ifAKCX",
                  "isStatic": true,
                  "lastClassName": "fSrpyT",
                  "rules": Array [
                    "
  position: relative;
  margin: 15px auto 0 auto;
  display: grid;
  grid-template-columns: 33% 33% 33%;
  grid-gap: 10px;
",
                  ],
                },
                "displayName": "styled.div",
                "foldedComponentIds": Array [],
                "render": [Function],
                "styledComponentId": "sc-ifAKCX",
                "target": "div",
                "toString": [Function],
                "warnTooManyClasses": [Function],
                "withComponent": [Function],
              }
            }
            forwardedRef={null}
          >
            <div
              className="sc-ifAKCX fSrpyT"
            >
              <Image
                item={
                  Object {
                    "imageUrl": "https://picsum.photos/500",
                  }
                }
                key="0"
              >
                <styled.div
                  imageUrl="https://picsum.photos/500"
                >
                  <StyledComponent
                    forwardedComponent={
                      Object {
                        "$$typeof": Symbol(react.forward_ref),
                        "attrs": Array [],
                        "componentStyle": ComponentStyle {
                          "componentId": "sc-bdVaJa",
                          "isStatic": false,
                          "lastClassName": "epbAuz",
                          "rules": Array [
                            "
  min-height: 300px;
  background-size: cover;
  background-repeat: no-repeat;
  background-postion: center;
  background-image: url(",
                            [Function],
                            ");
  border: 1px solid rgba(0, 0, 0, .3);
  transition: all ease 150ms;
  box-sizing: border-box;
  ",
                            "
    @media (max-width: ",
                            "768px",
                            ") {
      ",
                            "
    /* screen width is less than 768px (medium) */
    min-height: 100px;
  ",
                            "
    }
  ",
                            "
",
                          ],
                        },
                        "displayName": "styled.div",
                        "foldedComponentIds": Array [],
                        "render": [Function],
                        "styledComponentId": "sc-bdVaJa",
                        "target": "div",
                        "toString": [Function],
                        "warnTooManyClasses": [Function],
                        "withComponent": [Function],
                      }
                    }
                    forwardedRef={null}
                    imageUrl="https://picsum.photos/500"
                  >
                    <div
                      className="sc-bdVaJa epbAuz"
                    />
                  </StyledComponent>
                </styled.div>
              </Image>
              <Image
                item={
                  Object {
                    "imageUrl": "https://picsum.photos/500",
                  }
                }
                key="1"
              >
                <styled.div
                  imageUrl="https://picsum.photos/500"
                >
                  <StyledComponent
                    forwardedComponent={
                      Object {
                        "$$typeof": Symbol(react.forward_ref),
                        "attrs": Array [],
                        "componentStyle": ComponentStyle {
                          "componentId": "sc-bdVaJa",
                          "isStatic": false,
                          "lastClassName": "epbAuz",
                          "rules": Array [
                            "
  min-height: 300px;
  background-size: cover;
  background-repeat: no-repeat;
  background-postion: center;
  background-image: url(",
                            [Function],
                            ");
  border: 1px solid rgba(0, 0, 0, .3);
  transition: all ease 150ms;
  box-sizing: border-box;
  ",
                            "
    @media (max-width: ",
                            "768px",
                            ") {
      ",
                            "
    /* screen width is less than 768px (medium) */
    min-height: 100px;
  ",
                            "
    }
  ",
                            "
",
                          ],
                        },
                        "displayName": "styled.div",
                        "foldedComponentIds": Array [],
                        "render": [Function],
                        "styledComponentId": "sc-bdVaJa",
                        "target": "div",
                        "toString": [Function],
                        "warnTooManyClasses": [Function],
                        "withComponent": [Function],
                      }
                    }
                    forwardedRef={null}
                    imageUrl="https://picsum.photos/500"
                  >
                    <div
                      className="sc-bdVaJa epbAuz"
                    />
                  </StyledComponent>
                </styled.div>
              </Image>
              <Image
                item={
                  Object {
                    "imageUrl": "https://picsum.photos/500",
                  }
                }
                key="2"
              >
                <styled.div
                  imageUrl="https://picsum.photos/500"
                >
                  <StyledComponent
                    forwardedComponent={
                      Object {
                        "$$typeof": Symbol(react.forward_ref),
                        "attrs": Array [],
                        "componentStyle": ComponentStyle {
                          "componentId": "sc-bdVaJa",
                          "isStatic": false,
                          "lastClassName": "epbAuz",
                          "rules": Array [
                            "
  min-height: 300px;
  background-size: cover;
  background-repeat: no-repeat;
  background-postion: center;
  background-image: url(",
                            [Function],
                            ");
  border: 1px solid rgba(0, 0, 0, .3);
  transition: all ease 150ms;
  box-sizing: border-box;
  ",
                            "
    @media (max-width: ",
                            "768px",
                            ") {
      ",
                            "
    /* screen width is less than 768px (medium) */
    min-height: 100px;
  ",
                            "
    }
  ",
                            "
",
                          ],
                        },
                        "displayName": "styled.div",
                        "foldedComponentIds": Array [],
                        "render": [Function],
                        "styledComponentId": "sc-bdVaJa",
                        "target": "div",
                        "toString": [Function],
                        "warnTooManyClasses": [Function],
                        "withComponent": [Function],
                      }
                    }
                    forwardedRef={null}
                    imageUrl="https://picsum.photos/500"
                  >
                    <div
                      className="sc-bdVaJa epbAuz"
                    />
                  </StyledComponent>
                </styled.div>
              </Image>
            </div>
          </StyledComponent>
        </styled.div>
      </div>
    </StyledComponent>
  </styled.div>
</Gallery>
`;

exports[`Gallery it should match snapshot 1`] = `
<Gallery
  images={
    Array [
      Object {
        "imageUrl": "https://picsum.photos/500",
      },
      Object {
        "imageUrl": "https://picsum.photos/500",
      },
      Object {
        "imageUrl": "https://picsum.photos/500",
      },
    ]
  }
>
  <styled.div>
    <StyledComponent
      forwardedComponent={
        Object {
          "$$typeof": Symbol(react.forward_ref),
          "attrs": Array [],
          "componentStyle": ComponentStyle {
            "componentId": "sc-bxivhb",
            "isStatic": true,
            "lastClassName": "duxzEs",
            "rules": Array [
              "
  padding: 30px;
",
            ],
          },
          "displayName": "styled.div",
          "foldedComponentIds": Array [],
          "render": [Function],
          "styledComponentId": "sc-bxivhb",
          "target": "div",
          "toString": [Function],
          "warnTooManyClasses": [Function],
          "withComponent": [Function],
        }
      }
      forwardedRef={null}
    >
      <div
        className="sc-bxivhb duxzEs"
      >
        <Search>
          <styled.form
            onSubmit={[Function]}
          >
            <StyledComponent
              forwardedComponent={
                Object {
                  "$$typeof": Symbol(react.forward_ref),
                  "attrs": Array [],
                  "componentStyle": ComponentStyle {
                    "componentId": "sc-htpNat",
                    "isStatic": true,
                    "lastClassName": "grGzGL",
                    "rules": Array [
                      "
  margin: 0;
  padding: 0;
",
                    ],
                  },
                  "displayName": "styled.form",
                  "foldedComponentIds": Array [],
                  "render": [Function],
                  "styledComponentId": "sc-htpNat",
                  "target": "form",
                  "toString": [Function],
                  "warnTooManyClasses": [Function],
                  "withComponent": [Function],
                }
              }
              forwardedRef={null}
              onSubmit={[Function]}
            >
              <form
                className="sc-htpNat grGzGL"
                onSubmit={[Function]}
              >
                <styled.input
                  placeholder="Search images..."
                >
                  <StyledComponent
                    forwardedComponent={
                      Object {
                        "$$typeof": Symbol(react.forward_ref),
                        "attrs": Array [],
                        "componentStyle": ComponentStyle {
                          "componentId": "sc-bwzfXH",
                          "isStatic": true,
                          "lastClassName": "elmhJS",
                          "rules": Array [
                            "
  width: 600px;
  height: 50px;
  background-color: white;
  outline: none;
  border: 1px solid rgba(0, 0, 0, .2);
  padding: 10px 15px;
  font-size: 1.4rem;
  color: #023044;
  font-weight: 400;
  ",
                            "
    @media (max-width: ",
                            "768px",
                            ") {
      ",
                            "
    /* screen width is less than 768px (medium) */
    width: 95%;
    height: 30px;
    margin: 0 auto;
  ",
                            "
    }
  ",
                            "
",
                          ],
                        },
                        "displayName": "styled.input",
                        "foldedComponentIds": Array [],
                        "render": [Function],
                        "styledComponentId": "sc-bwzfXH",
                        "target": "input",
                        "toString": [Function],
                        "warnTooManyClasses": [Function],
                        "withComponent": [Function],
                      }
                    }
                    forwardedRef={
                      Object {
                        "current": <input
                          class="sc-bwzfXH elmhJS"
                          placeholder="Search images..."
                        />,
                      }
                    }
                    placeholder="Search images..."
                  >
                    <input
                      className="sc-bwzfXH elmhJS"
                      placeholder="Search images..."
                    />
                  </StyledComponent>
                </styled.input>
              </form>
            </StyledComponent>
          </styled.form>
        </Search>
        <styled.div>
          <StyledComponent
            forwardedComponent={
              Object {
                "$$typeof": Symbol(react.forward_ref),
                "attrs": Array [],
                "componentStyle": ComponentStyle {
                  "componentId": "sc-ifAKCX",
                  "isStatic": true,
                  "lastClassName": "fSrpyT",
                  "rules": Array [
                    "
  position: relative;
  margin: 15px auto 0 auto;
  display: grid;
  grid-template-columns: 33% 33% 33%;
  grid-gap: 10px;
",
                  ],
                },
                "displayName": "styled.div",
                "foldedComponentIds": Array [],
                "render": [Function],
                "styledComponentId": "sc-ifAKCX",
                "target": "div",
                "toString": [Function],
                "warnTooManyClasses": [Function],
                "withComponent": [Function],
              }
            }
            forwardedRef={null}
          >
            <div
              className="sc-ifAKCX fSrpyT"
            >
              <Image
                item={
                  Object {
                    "imageUrl": "https://picsum.photos/500",
                  }
                }
                key="0"
              >
                <styled.div
                  imageUrl="https://picsum.photos/500"
                >
                  <StyledComponent
                    forwardedComponent={
                      Object {
                        "$$typeof": Symbol(react.forward_ref),
                        "attrs": Array [],
                        "componentStyle": ComponentStyle {
                          "componentId": "sc-bdVaJa",
                          "isStatic": false,
                          "lastClassName": "epbAuz",
                          "rules": Array [
                            "
  min-height: 300px;
  background-size: cover;
  background-repeat: no-repeat;
  background-postion: center;
  background-image: url(",
                            [Function],
                            ");
  border: 1px solid rgba(0, 0, 0, .3);
  transition: all ease 150ms;
  box-sizing: border-box;
  ",
                            "
    @media (max-width: ",
                            "768px",
                            ") {
      ",
                            "
    /* screen width is less than 768px (medium) */
    min-height: 100px;
  ",
                            "
    }
  ",
                            "
",
                          ],
                        },
                        "displayName": "styled.div",
                        "foldedComponentIds": Array [],
                        "render": [Function],
                        "styledComponentId": "sc-bdVaJa",
                        "target": "div",
                        "toString": [Function],
                        "warnTooManyClasses": [Function],
                        "withComponent": [Function],
                      }
                    }
                    forwardedRef={null}
                    imageUrl="https://picsum.photos/500"
                  >
                    <div
                      className="sc-bdVaJa epbAuz"
                    />
                  </StyledComponent>
                </styled.div>
              </Image>
              <Image
                item={
                  Object {
                    "imageUrl": "https://picsum.photos/500",
                  }
                }
                key="1"
              >
                <styled.div
                  imageUrl="https://picsum.photos/500"
                >
                  <StyledComponent
                    forwardedComponent={
                      Object {
                        "$$typeof": Symbol(react.forward_ref),
                        "attrs": Array [],
                        "componentStyle": ComponentStyle {
                          "componentId": "sc-bdVaJa",
                          "isStatic": false,
                          "lastClassName": "epbAuz",
                          "rules": Array [
                            "
  min-height: 300px;
  background-size: cover;
  background-repeat: no-repeat;
  background-postion: center;
  background-image: url(",
                            [Function],
                            ");
  border: 1px solid rgba(0, 0, 0, .3);
  transition: all ease 150ms;
  box-sizing: border-box;
  ",
                            "
    @media (max-width: ",
                            "768px",
                            ") {
      ",
                            "
    /* screen width is less than 768px (medium) */
    min-height: 100px;
  ",
                            "
    }
  ",
                            "
",
                          ],
                        },
                        "displayName": "styled.div",
                        "foldedComponentIds": Array [],
                        "render": [Function],
                        "styledComponentId": "sc-bdVaJa",
                        "target": "div",
                        "toString": [Function],
                        "warnTooManyClasses": [Function],
                        "withComponent": [Function],
                      }
                    }
                    forwardedRef={null}
                    imageUrl="https://picsum.photos/500"
                  >
                    <div
                      className="sc-bdVaJa epbAuz"
                    />
                  </StyledComponent>
                </styled.div>
              </Image>
              <Image
                item={
                  Object {
                    "imageUrl": "https://picsum.photos/500",
                  }
                }
                key="2"
              >
                <styled.div
                  imageUrl="https://picsum.photos/500"
                >
                  <StyledComponent
                    forwardedComponent={
                      Object {
                        "$$typeof": Symbol(react.forward_ref),
                        "attrs": Array [],
                        "componentStyle": ComponentStyle {
                          "componentId": "sc-bdVaJa",
                          "isStatic": false,
                          "lastClassName": "epbAuz",
                          "rules": Array [
                            "
  min-height: 300px;
  background-size: cover;
  background-repeat: no-repeat;
  background-postion: center;
  background-image: url(",
                            [Function],
                            ");
  border: 1px solid rgba(0, 0, 0, .3);
  transition: all ease 150ms;
  box-sizing: border-box;
  ",
                            "
    @media (max-width: ",
                            "768px",
                            ") {
      ",
                            "
    /* screen width is less than 768px (medium) */
    min-height: 100px;
  ",
                            "
    }
  ",
                            "
",
                          ],
                        },
                        "displayName": "styled.div",
                        "foldedComponentIds": Array [],
                        "render": [Function],
                        "styledComponentId": "sc-bdVaJa",
                        "target": "div",
                        "toString": [Function],
                        "warnTooManyClasses": [Function],
                        "withComponent": [Function],
                      }
                    }
                    forwardedRef={null}
                    imageUrl="https://picsum.photos/500"
                  >
                    <div
                      className="sc-bdVaJa epbAuz"
                    />
                  </StyledComponent>
                </styled.div>
              </Image>
            </div>
          </StyledComponent>
        </styled.div>
      </div>
    </StyledComponent>
  </styled.div>
</Gallery>
`;

exports[`Gallery it should match snapshot 2`] = `
<Gallery
  images={
    Array [
      Object {
        "imageUrl": "https://picsum.photos/500",
      },
      Object {
        "imageUrl": "https://picsum.photos/500",
      },
      Object {
        "imageUrl": "https://picsum.photos/500",
      },
    ]
  }
>
  <styled.div>
    <StyledComponent
      forwardedComponent={
        Object {
          "$$typeof": Symbol(react.forward_ref),
          "attrs": Array [],
          "componentStyle": ComponentStyle {
            "componentId": "sc-bxivhb",
            "isStatic": true,
            "lastClassName": "duxzEs",
            "rules": Array [
              "
  padding: 30px;
",
            ],
          },
          "displayName": "styled.div",
          "foldedComponentIds": Array [],
          "render": [Function],
          "styledComponentId": "sc-bxivhb",
          "target": "div",
          "toString": [Function],
          "warnTooManyClasses": [Function],
          "withComponent": [Function],
        }
      }
      forwardedRef={null}
    >
      <div
        className="sc-bxivhb duxzEs"
      >
        <Search>
          <styled.form
            onSubmit={[Function]}
          >
            <StyledComponent
              forwardedComponent={
                Object {
                  "$$typeof": Symbol(react.forward_ref),
                  "attrs": Array [],
                  "componentStyle": ComponentStyle {
                    "componentId": "sc-htpNat",
                    "isStatic": true,
                    "lastClassName": "grGzGL",
                    "rules": Array [
                      "
  margin: 0;
  padding: 0;
",
                    ],
                  },
                  "displayName": "styled.form",
                  "foldedComponentIds": Array [],
                  "render": [Function],
                  "styledComponentId": "sc-htpNat",
                  "target": "form",
                  "toString": [Function],
                  "warnTooManyClasses": [Function],
                  "withComponent": [Function],
                }
              }
              forwardedRef={null}
              onSubmit={[Function]}
            >
              <form
                className="sc-htpNat grGzGL"
                onSubmit={[Function]}
              >
                <styled.input
                  placeholder="Search images..."
                >
                  <StyledComponent
                    forwardedComponent={
                      Object {
                        "$$typeof": Symbol(react.forward_ref),
                        "attrs": Array [],
                        "componentStyle": ComponentStyle {
                          "componentId": "sc-bwzfXH",
                          "isStatic": true,
                          "lastClassName": "elmhJS",
                          "rules": Array [
                            "
  width: 600px;
  height: 50px;
  background-color: white;
  outline: none;
  border: 1px solid rgba(0, 0, 0, .2);
  padding: 10px 15px;
  font-size: 1.4rem;
  color: #023044;
  font-weight: 400;
  ",
                            "
    @media (max-width: ",
                            "768px",
                            ") {
      ",
                            "
    /* screen width is less than 768px (medium) */
    width: 95%;
    height: 30px;
    margin: 0 auto;
  ",
                            "
    }
  ",
                            "
",
                          ],
                        },
                        "displayName": "styled.input",
                        "foldedComponentIds": Array [],
                        "render": [Function],
                        "styledComponentId": "sc-bwzfXH",
                        "target": "input",
                        "toString": [Function],
                        "warnTooManyClasses": [Function],
                        "withComponent": [Function],
                      }
                    }
                    forwardedRef={
                      Object {
                        "current": <input
                          class="sc-bwzfXH elmhJS"
                          placeholder="Search images..."
                        />,
                      }
                    }
                    placeholder="Search images..."
                  >
                    <input
                      className="sc-bwzfXH elmhJS"
                      placeholder="Search images..."
                    />
                  </StyledComponent>
                </styled.input>
              </form>
            </StyledComponent>
          </styled.form>
        </Search>
        <styled.div>
          <StyledComponent
            forwardedComponent={
              Object {
                "$$typeof": Symbol(react.forward_ref),
                "attrs": Array [],
                "componentStyle": ComponentStyle {
                  "componentId": "sc-ifAKCX",
                  "isStatic": true,
                  "lastClassName": "fSrpyT",
                  "rules": Array [
                    "
  position: relative;
  margin: 15px auto 0 auto;
  display: grid;
  grid-template-columns: 33% 33% 33%;
  grid-gap: 10px;
",
                  ],
                },
                "displayName": "styled.div",
                "foldedComponentIds": Array [],
                "render": [Function],
                "styledComponentId": "sc-ifAKCX",
                "target": "div",
                "toString": [Function],
                "warnTooManyClasses": [Function],
                "withComponent": [Function],
              }
            }
            forwardedRef={null}
          >
            <div
              className="sc-ifAKCX fSrpyT"
            >
              <Image
                item={
                  Object {
                    "imageUrl": "https://picsum.photos/500",
                  }
                }
                key="0"
              >
                <styled.div
                  imageUrl="https://picsum.photos/500"
                >
                  <StyledComponent
                    forwardedComponent={
                      Object {
                        "$$typeof": Symbol(react.forward_ref),
                        "attrs": Array [],
                        "componentStyle": ComponentStyle {
                          "componentId": "sc-bdVaJa",
                          "isStatic": false,
                          "lastClassName": "epbAuz",
                          "rules": Array [
                            "
  min-height: 300px;
  background-size: cover;
  background-repeat: no-repeat;
  background-postion: center;
  background-image: url(",
                            [Function],
                            ");
  border: 1px solid rgba(0, 0, 0, .3);
  transition: all ease 150ms;
  box-sizing: border-box;
  ",
                            "
    @media (max-width: ",
                            "768px",
                            ") {
      ",
                            "
    /* screen width is less than 768px (medium) */
    min-height: 100px;
  ",
                            "
    }
  ",
                            "
",
                          ],
                        },
                        "displayName": "styled.div",
                        "foldedComponentIds": Array [],
                        "render": [Function],
                        "styledComponentId": "sc-bdVaJa",
                        "target": "div",
                        "toString": [Function],
                        "warnTooManyClasses": [Function],
                        "withComponent": [Function],
                      }
                    }
                    forwardedRef={null}
                    imageUrl="https://picsum.photos/500"
                  >
                    <div
                      className="sc-bdVaJa epbAuz"
                    />
                  </StyledComponent>
                </styled.div>
              </Image>
              <Image
                item={
                  Object {
                    "imageUrl": "https://picsum.photos/500",
                  }
                }
                key="1"
              >
                <styled.div
                  imageUrl="https://picsum.photos/500"
                >
                  <StyledComponent
                    forwardedComponent={
                      Object {
                        "$$typeof": Symbol(react.forward_ref),
                        "attrs": Array [],
                        "componentStyle": ComponentStyle {
                          "componentId": "sc-bdVaJa",
                          "isStatic": false,
                          "lastClassName": "epbAuz",
                          "rules": Array [
                            "
  min-height: 300px;
  background-size: cover;
  background-repeat: no-repeat;
  background-postion: center;
  background-image: url(",
                            [Function],
                            ");
  border: 1px solid rgba(0, 0, 0, .3);
  transition: all ease 150ms;
  box-sizing: border-box;
  ",
                            "
    @media (max-width: ",
                            "768px",
                            ") {
      ",
                            "
    /* screen width is less than 768px (medium) */
    min-height: 100px;
  ",
                            "
    }
  ",
                            "
",
                          ],
                        },
                        "displayName": "styled.div",
                        "foldedComponentIds": Array [],
                        "render": [Function],
                        "styledComponentId": "sc-bdVaJa",
                        "target": "div",
                        "toString": [Function],
                        "warnTooManyClasses": [Function],
                        "withComponent": [Function],
                      }
                    }
                    forwardedRef={null}
                    imageUrl="https://picsum.photos/500"
                  >
                    <div
                      className="sc-bdVaJa epbAuz"
                    />
                  </StyledComponent>
                </styled.div>
              </Image>
              <Image
                item={
                  Object {
                    "imageUrl": "https://picsum.photos/500",
                  }
                }
                key="2"
              >
                <styled.div
                  imageUrl="https://picsum.photos/500"
                >
                  <StyledComponent
                    forwardedComponent={
                      Object {
                        "$$typeof": Symbol(react.forward_ref),
                        "attrs": Array [],
                        "componentStyle": ComponentStyle {
                          "componentId": "sc-bdVaJa",
                          "isStatic": false,
                          "lastClassName": "epbAuz",
                          "rules": Array [
                            "
  min-height: 300px;
  background-size: cover;
  background-repeat: no-repeat;
  background-postion: center;
  background-image: url(",
                            [Function],
                            ");
  border: 1px solid rgba(0, 0, 0, .3);
  transition: all ease 150ms;
  box-sizing: border-box;
  ",
                            "
    @media (max-width: ",
                            "768px",
                            ") {
      ",
                            "
    /* screen width is less than 768px (medium) */
    min-height: 100px;
  ",
                            "
    }
  ",
                            "
",
                          ],
                        },
                        "displayName": "styled.div",
                        "foldedComponentIds": Array [],
                        "render": [Function],
                        "styledComponentId": "sc-bdVaJa",
                        "target": "div",
                        "toString": [Function],
                        "warnTooManyClasses": [Function],
                        "withComponent": [Function],
                      }
                    }
                    forwardedRef={null}
                    imageUrl="https://picsum.photos/500"
                  >
                    <div
                      className="sc-bdVaJa epbAuz"
                    />
                  </StyledComponent>
                </styled.div>
              </Image>
            </div>
          </StyledComponent>
        </styled.div>
      </div>
    </StyledComponent>
  </styled.div>
</Gallery>
`;

exports[`Gallery it should not crash 1`] = `
<Gallery
  images={
    Array [
      Object {
        "imageUrl": "https://picsum.photos/500",
      },
      Object {
        "imageUrl": "https://picsum.photos/500",
      },
      Object {
        "imageUrl": "https://picsum.photos/500",
      },
    ]
  }
>
  <styled.div>
    <StyledComponent
      forwardedComponent={
        Object {
          "$$typeof": Symbol(react.forward_ref),
          "attrs": Array [],
          "componentStyle": ComponentStyle {
            "componentId": "sc-bxivhb",
            "isStatic": true,
            "lastClassName": "duxzEs",
            "rules": Array [
              "
  padding: 30px;
",
            ],
          },
          "displayName": "styled.div",
          "foldedComponentIds": Array [],
          "render": [Function],
          "styledComponentId": "sc-bxivhb",
          "target": "div",
          "toString": [Function],
          "warnTooManyClasses": [Function],
          "withComponent": [Function],
        }
      }
      forwardedRef={null}
    >
      <div
        className="sc-bxivhb duxzEs"
      >
        <Search>
          <styled.form
            onSubmit={[Function]}
          >
            <StyledComponent
              forwardedComponent={
                Object {
                  "$$typeof": Symbol(react.forward_ref),
                  "attrs": Array [],
                  "componentStyle": ComponentStyle {
                    "componentId": "sc-htpNat",
                    "isStatic": true,
                    "lastClassName": "grGzGL",
                    "rules": Array [
                      "
  margin: 0;
  padding: 0;
",
                    ],
                  },
                  "displayName": "styled.form",
                  "foldedComponentIds": Array [],
                  "render": [Function],
                  "styledComponentId": "sc-htpNat",
                  "target": "form",
                  "toString": [Function],
                  "warnTooManyClasses": [Function],
                  "withComponent": [Function],
                }
              }
              forwardedRef={null}
              onSubmit={[Function]}
            >
              <form
                className="sc-htpNat grGzGL"
                onSubmit={[Function]}
              >
                <styled.input
                  placeholder="Search images..."
                >
                  <StyledComponent
                    forwardedComponent={
                      Object {
                        "$$typeof": Symbol(react.forward_ref),
                        "attrs": Array [],
                        "componentStyle": ComponentStyle {
                          "componentId": "sc-bwzfXH",
                          "isStatic": true,
                          "lastClassName": "elmhJS",
                          "rules": Array [
                            "
  width: 600px;
  height: 50px;
  background-color: white;
  outline: none;
  border: 1px solid rgba(0, 0, 0, .2);
  padding: 10px 15px;
  font-size: 1.4rem;
  color: #023044;
  font-weight: 400;
  ",
                            "
    @media (max-width: ",
                            "768px",
                            ") {
      ",
                            "
    /* screen width is less than 768px (medium) */
    width: 95%;
    height: 30px;
    margin: 0 auto;
  ",
                            "
    }
  ",
                            "
",
                          ],
                        },
                        "displayName": "styled.input",
                        "foldedComponentIds": Array [],
                        "render": [Function],
                        "styledComponentId": "sc-bwzfXH",
                        "target": "input",
                        "toString": [Function],
                        "warnTooManyClasses": [Function],
                        "withComponent": [Function],
                      }
                    }
                    forwardedRef={
                      Object {
                        "current": <input
                          class="sc-bwzfXH elmhJS"
                          placeholder="Search images..."
                        />,
                      }
                    }
                    placeholder="Search images..."
                  >
                    <input
                      className="sc-bwzfXH elmhJS"
                      placeholder="Search images..."
                    />
                  </StyledComponent>
                </styled.input>
              </form>
            </StyledComponent>
          </styled.form>
        </Search>
        <styled.div>
          <StyledComponent
            forwardedComponent={
              Object {
                "$$typeof": Symbol(react.forward_ref),
                "attrs": Array [],
                "componentStyle": ComponentStyle {
                  "componentId": "sc-ifAKCX",
                  "isStatic": true,
                  "lastClassName": "fSrpyT",
                  "rules": Array [
                    "
  position: relative;
  margin: 15px auto 0 auto;
  display: grid;
  grid-template-columns: 33% 33% 33%;
  grid-gap: 10px;
",
                  ],
                },
                "displayName": "styled.div",
                "foldedComponentIds": Array [],
                "render": [Function],
                "styledComponentId": "sc-ifAKCX",
                "target": "div",
                "toString": [Function],
                "warnTooManyClasses": [Function],
                "withComponent": [Function],
              }
            }
            forwardedRef={null}
          >
            <div
              className="sc-ifAKCX fSrpyT"
            >
              <Image
                item={
                  Object {
                    "imageUrl": "https://picsum.photos/500",
                  }
                }
                key="0"
              >
                <styled.div
                  imageUrl="https://picsum.photos/500"
                >
                  <StyledComponent
                    forwardedComponent={
                      Object {
                        "$$typeof": Symbol(react.forward_ref),
                        "attrs": Array [],
                        "componentStyle": ComponentStyle {
                          "componentId": "sc-bdVaJa",
                          "isStatic": false,
                          "lastClassName": "epbAuz",
                          "rules": Array [
                            "
  min-height: 300px;
  background-size: cover;
  background-repeat: no-repeat;
  background-postion: center;
  background-image: url(",
                            [Function],
                            ");
  border: 1px solid rgba(0, 0, 0, .3);
  transition: all ease 150ms;
  box-sizing: border-box;
  ",
                            "
    @media (max-width: ",
                            "768px",
                            ") {
      ",
                            "
    /* screen width is less than 768px (medium) */
    min-height: 100px;
  ",
                            "
    }
  ",
                            "
",
                          ],
                        },
                        "displayName": "styled.div",
                        "foldedComponentIds": Array [],
                        "render": [Function],
                        "styledComponentId": "sc-bdVaJa",
                        "target": "div",
                        "toString": [Function],
                        "warnTooManyClasses": [Function],
                        "withComponent": [Function],
                      }
                    }
                    forwardedRef={null}
                    imageUrl="https://picsum.photos/500"
                  >
                    <div
                      className="sc-bdVaJa epbAuz"
                    />
                  </StyledComponent>
                </styled.div>
              </Image>
              <Image
                item={
                  Object {
                    "imageUrl": "https://picsum.photos/500",
                  }
                }
                key="1"
              >
                <styled.div
                  imageUrl="https://picsum.photos/500"
                >
                  <StyledComponent
                    forwardedComponent={
                      Object {
                        "$$typeof": Symbol(react.forward_ref),
                        "attrs": Array [],
                        "componentStyle": ComponentStyle {
                          "componentId": "sc-bdVaJa",
                          "isStatic": false,
                          "lastClassName": "epbAuz",
                          "rules": Array [
                            "
  min-height: 300px;
  background-size: cover;
  background-repeat: no-repeat;
  background-postion: center;
  background-image: url(",
                            [Function],
                            ");
  border: 1px solid rgba(0, 0, 0, .3);
  transition: all ease 150ms;
  box-sizing: border-box;
  ",
                            "
    @media (max-width: ",
                            "768px",
                            ") {
      ",
                            "
    /* screen width is less than 768px (medium) */
    min-height: 100px;
  ",
                            "
    }
  ",
                            "
",
                          ],
                        },
                        "displayName": "styled.div",
                        "foldedComponentIds": Array [],
                        "render": [Function],
                        "styledComponentId": "sc-bdVaJa",
                        "target": "div",
                        "toString": [Function],
                        "warnTooManyClasses": [Function],
                        "withComponent": [Function],
                      }
                    }
                    forwardedRef={null}
                    imageUrl="https://picsum.photos/500"
                  >
                    <div
                      className="sc-bdVaJa epbAuz"
                    />
                  </StyledComponent>
                </styled.div>
              </Image>
              <Image
                item={
                  Object {
                    "imageUrl": "https://picsum.photos/500",
                  }
                }
                key="2"
              >
                <styled.div
                  imageUrl="https://picsum.photos/500"
                >
                  <StyledComponent
                    forwardedComponent={
                      Object {
                        "$$typeof": Symbol(react.forward_ref),
                        "attrs": Array [],
                        "componentStyle": ComponentStyle {
                          "componentId": "sc-bdVaJa",
                          "isStatic": false,
                          "lastClassName": "epbAuz",
                          "rules": Array [
                            "
  min-height: 300px;
  background-size: cover;
  background-repeat: no-repeat;
  background-postion: center;
  background-image: url(",
                            [Function],
                            ");
  border: 1px solid rgba(0, 0, 0, .3);
  transition: all ease 150ms;
  box-sizing: border-box;
  ",
                            "
    @media (max-width: ",
                            "768px",
                            ") {
      ",
                            "
    /* screen width is less than 768px (medium) */
    min-height: 100px;
  ",
                            "
    }
  ",
                            "
",
                          ],
                        },
                        "displayName": "styled.div",
                        "foldedComponentIds": Array [],
                        "render": [Function],
                        "styledComponentId": "sc-bdVaJa",
                        "target": "div",
                        "toString": [Function],
                        "warnTooManyClasses": [Function],
                        "withComponent": [Function],
                      }
                    }
                    forwardedRef={null}
                    imageUrl="https://picsum.photos/500"
                  >
                    <div
                      className="sc-bdVaJa epbAuz"
                    />
                  </StyledComponent>
                </styled.div>
              </Image>
            </div>
          </StyledComponent>
        </styled.div>
      </div>
    </StyledComponent>
  </styled.div>
</Gallery>
`;
