// Jest Snapshot v1, https://goo.gl/fbAQLP

exports[`Image it should match snapshot 1`] = `
<Image
  item={
    Object {
      "id": 0,
      "imageUrl": "https://picsum.photos/500",
    }
  }
>
  <styled.div
    imageUrl="https://picsum.photos/500"
  >
    <StyledComponent
      forwardedComponent={
        Object {
          "$$typeof": Symbol(react.forward_ref),
          "attrs": Array [],
          "componentStyle": ComponentStyle {
            "componentId": "sc-bdVaJa",
            "isStatic": false,
            "lastClassName": "epbAuz",
            "rules": Array [
              "
  min-height: 300px;
  background-size: cover;
  background-repeat: no-repeat;
  background-postion: center;
  background-image: url(",
              [Function],
              ");
  border: 1px solid rgba(0, 0, 0, .3);
  transition: all ease 150ms;
  box-sizing: border-box;
  ",
              "
    @media (max-width: ",
              "768px",
              ") {
      ",
              "
    /* screen width is less than 768px (medium) */
    min-height: 100px;
  ",
              "
    }
  ",
              "
",
            ],
          },
          "displayName": "styled.div",
          "foldedComponentIds": Array [],
          "render": [Function],
          "styledComponentId": "sc-bdVaJa",
          "target": "div",
          "toString": [Function],
          "warnTooManyClasses": [Function],
          "withComponent": [Function],
        }
      }
      forwardedRef={null}
      imageUrl="https://picsum.photos/500"
    >
      <div
        className="sc-bdVaJa epbAuz"
      />
    </StyledComponent>
  </styled.div>
</Image>
`;
