// Jest Snapshot v1, https://goo.gl/fbAQLP

exports[`Image it should match snapshot 1`] = `
<Image
  item={
    Object {
      "id": 0,
      "imageUrl": "https://picsum.photos/500",
    }
  }
>
  <LazyLoad
    height={300}
    offset={0}
    once={false}
    overflow={false}
    resize={false}
    scroll={true}
    unmountIfInvisible={false}
  >
    <div
      className="lazyload-placeholder"
      style={
        Object {
          "height": 300,
        }
      }
    />
  </LazyLoad>
</Image>
`;
